// Jest Snapshot v1, https://goo.gl/fbAQLP

exports[`Test in <TermsAndConditionsu /> should do match with snapshot 1`] = `
<div>
  <div
    class="container-load"
  >
    <svg
      aria-busy="true"
      aria-label="blocks-loading"
      class="blocks-wrapper"
      data-testid="color-ring-svg"
      height="80"
      preserveAspectRatio="xMidYMid"
      role="status"
      viewBox="0 0 100 100"
      width="80"
      xmlns="http://www.w3.org/2000/svg"
      xmlns:xlink="http://www.w3.org/1999/xlink"
    >
      <defs>
        <mask
          id="ldio-4offds5dlws-mask"
        >
          <circle
            cx="50"
            cy="50"
            r="26"
            stroke="#fff"
            stroke-dasharray="122.52211349000194 40.840704496667314"
            stroke-linecap="round"
            stroke-width="9"
            transform="rotate(198.018 50 50)"
          >
            <animatetransform
              attributeName="transform"
              dur="1s"
              keyTimes="0;1"
              repeatCount="indefinite"
              type="rotate"
              values="0 50 50;360 50 50"
            />
          </circle>
        </mask>
      </defs>
      <g
        mask="url(#ldio-4offds5dlws-mask)"
      >
        <rect
          fill="#e15b64"
          height="100"
          width="15"
          x="14.5"
          y="0"
        >
          <animate
            attributeName="fill"
            begin="-0.8s"
            dur="1s"
            keyTimes="0;0.25;0.5;0.75;1"
            repeatCount="indefinite"
            values="#e15b64;#f47e60;#f8b26a;#abbd81;#849b87"
          />
        </rect>
        <rect
          fill="#f47e60"
          height="100"
          width="15"
          x="28.5"
          y="0"
        >
          <animate
            attributeName="fill"
            begin="-0.6s"
            dur="1s"
            keyTimes="0;0.25;0.5;0.75;1"
            repeatCount="indefinite"
            values="#e15b64;#f47e60;#f8b26a;#abbd81;#849b87"
          />
        </rect>
        <rect
          fill="#f8b26a"
          height="100"
          width="15"
          x="42.5"
          y="0"
        >
          <animate
            attributeName="fill"
            begin="-0.4s"
            dur="1s"
            keyTimes="0;0.25;0.5;0.75;1"
            repeatCount="indefinite"
            values="#e15b64;#f47e60;#f8b26a;#abbd81;#849b87"
          />
        </rect>
        <rect
          fill="#abbd81"
          height="100"
          width="15"
          x="56.5"
          y="0"
        >
          <animate
            attributeName="fill"
            begin="-0.2s"
            dur="1s"
            keyTimes="0;0.25;0.5;0.75;1"
            repeatCount="indefinite"
            values="#e15b64;#f47e60;#f8b26a;#abbd81;#849b87"
          />
        </rect>
        <rect
          fill="#849b87"
          height="100"
          width="15"
          x="70.5"
          y="0"
        >
          <animate
            attributeName="fill"
            begin="0s"
            dur="1s"
            keyTimes="0;0.25;0.5;0.75;1"
            repeatCount="indefinite"
            values="#e15b64;#f47e60;#f8b26a;#abbd81;#849b87"
          />
        </rect>
      </g>
    </svg>
  </div>
</div>
`;
